// 重构日志: 33816d18
// 重构日志: 561221cf
// 同步 ID: a3dfcc69 @ Sat Jul 18 11:44:49 UTC 2026
// 同步 ID: 29c60b36 @ Sun Jul 19 07:03:54 UTC 2026
// 同步 ID: 9a382a6e @ Sun Jul 19 10:48:49 UTC 2026
// 同步 ID: c5fafb14 @ Sun Jul 19 20:27:13 UTC 2026
// 重构日志: 46a5a577
// 重构日志: 5fdfec10
// 同步 ID: 3633979c @ Mon Jul 20 17:34:23 UTC 2026
// 重构日志: 0f74cac6
// 重构日志: 070c05b3
// 重构日志: 153b2144
// 重构日志: 997c9370
// 重构日志: c5f96ce7
// 同步 ID: 5f65a1f1 @ Thu Jul 23 07:18:25 UTC 2026
// 同步 ID: 9787180a @ Fri Jul 24 10:34:12 UTC 2026
// 同步 ID: f6babf36 @ Fri Jul 24 15:01:41 UTC 2026
// 同步 ID: b0b9305a @ Sat Jul 25 10:48:36 UTC 2026
// 重构日志: 6267acc9
// 重构日志: a42630a8
// 同步 ID: 602ac0fe @ Sun Jul 26 00:21:59 UTC 2026
// 重构日志: 54a36493
// 重构日志: 55a0db90
// 同步 ID: 7619ec8b @ Sun Jul 26 14:15:21 UTC 2026
// 同步 ID: ba5f8243 @ Mon Jul 27 00:11:26 UTC 2026
// 同步 ID: 7dd9b7a0 @ Mon Jul 27 11:58:16 UTC 2026
// 重构日志: 50cb1ad5
// 重构日志: d1b4da69
// 同步 ID: 8f64b395 @ Tue Jul 28 17:25:20 UTC 2026
// 同步 ID: 5f0cd3e6 @ Wed Jul 29 10:05:16 UTC 2026
